#
# There is insufficient memory for the Java Runtime Environment to continue.
# Native memory allocation (malloc) failed to allocate 161760 bytes. Error detail: Chunk::new
# Possible reasons:
#   The system is out of physical RAM or swap space
#   This process is running with CompressedOops enabled, and the Java Heap may be blocking the growth of the native heap
# Possible solutions:
#   Reduce memory load on the system
#   Increase physical memory or swap space
#   Check if swap backing store is full
#   Decrease Java heap size (-Xmx/-Xms)
#   Decrease number of Java threads
#   Decrease Java thread stack sizes (-Xss)
#   Set larger code cache with -XX:ReservedCodeCacheSize=
#   JVM is running with Unscaled Compressed Oops mode in which the Java heap is
#     placed in the first 4GB address space. The Java Heap base address is the
#     maximum limit for the native heap growth. Please use -XX:HeapBaseMinAddress
#     to set the Java Heap base and to place the Java Heap above 4GB virtual address.
# This output file may be truncated or incomplete.
#
#  Out of Memory Error (arena.cpp:191), pid=26364, tid=17812
#
# JRE version: OpenJDK Runtime Environment Temurin-17.0.20+8 (17.0.20+8) (build 17.0.20+8)
# Java VM: OpenJDK 64-Bit Server VM Temurin-17.0.20+8 (17.0.20+8, mixed mode, sharing, tiered, compressed oops, compressed class ptrs, g1 gc, windows-amd64)
# No core dump will be written. Minidumps are not enabled by default on client versions of Windows
#

---------------  S U M M A R Y ------------

Command Line: org.jetbrains.kotlin.cli.jvm.K2JVMCompiler @C:\CampusMart_23702281\node_modules\react-native-safe-area-context\android\build\20260827_977048510340952148.compiler.options

Host: AMD Ryzen 5 8640HS w/ Radeon 760M Graphics     , 12 cores, 5G,  Windows 11 , 64 bit Build 26100 (10.0.26100.9168)
Time: Thu Aug 27 16:14:49 2026 SE Asia Standard Time elapsed time: 19.738691 seconds (0d 0h 0m 19s)

---------------  T H R E A D  ---------------

Current thread (0x0000014ba0556480):  JavaThread "C2 CompilerThread0" daemon [_thread_in_native, id=17812, stack(0x00000041d2f00000,0x00000041d3000000)]


Current CompileTask:
C2:19738 1465   !   4       org.jetbrains.kotlin.cli.jvm.compiler.jarfs.LargeDynamicMappedBuffer$Mapping::getBytes (65 bytes)

Stack: [0x00000041d2f00000,0x00000041d3000000]
Native frames: (J=compiled Java code, j=interpreted, Vv=VM code, C=native code)
V  [jvm.dll+0x684d39]
V  [jvm.dll+0x83a565]
V  [jvm.dll+0x83bfde]
V  [jvm.dll+0x83c663]
V  [jvm.dll+0x2490cf]
V  [jvm.dll+0xad536]
V  [jvm.dll+0xadbdc]
V  [jvm.dll+0x368dbe]
V  [jvm.dll+0x333215]
V  [jvm.dll+0x33267a]
V  [jvm.dll+0x219ed9]
V  [jvm.dll+0x21931f]
V  [jvm.dll+0x1a49e0]
V  [jvm.dll+0x229a6a]
V  [jvm.dll+0x227c1b]
V  [jvm.dll+0x7f0d18]
V  [jvm.dll+0x7eb17c]
V  [jvm.dll+0x683c07]
C  [ucrtbase.dll+0x2cd30]
C  [KERNEL32.DLL+0x2ccb7]
C  [ntdll.dll+0xaad6c]


---------------  P R O C E S S  ---------------

Threads class SMR info:
_java_thread_list=0x0000014ba0aaf8f0, length=12, elements={
0x0000014b8313b410, 0x0000014ba0537030, 0x0000014ba0538760, 0x0000014ba0552ee0,
0x0000014ba05538a0, 0x0000014ba0554260, 0x0000014ba0554c20, 0x0000014ba0556480,
0x0000014ba0581d40, 0x0000014ba05832b0, 0x0000014ba07c8dd0, 0x0000014ba07d5740
}

Java Threads: ( => current thread )
  0x0000014b8313b410 JavaThread "main" [_thread_in_native, id=16292, stack(0x00000041d2200000,0x00000041d2300000)]
  0x0000014ba0537030 JavaThread "Reference Handler" daemon [_thread_blocked, id=27684, stack(0x00000041d2900000,0x00000041d2a00000)]
  0x0000014ba0538760 JavaThread "Finalizer" daemon [_thread_blocked, id=20524, stack(0x00000041d2a00000,0x00000041d2b00000)]
  0x0000014ba0552ee0 JavaThread "Signal Dispatcher" daemon [_thread_blocked, id=18880, stack(0x00000041d2b00000,0x00000041d2c00000)]
  0x0000014ba05538a0 JavaThread "Attach Listener" daemon [_thread_blocked, id=25568, stack(0x00000041d2c00000,0x00000041d2d00000)]
  0x0000014ba0554260 JavaThread "Service Thread" daemon [_thread_blocked, id=2032, stack(0x00000041d2d00000,0x00000041d2e00000)]
  0x0000014ba0554c20 JavaThread "Monitor Deflation Thread" daemon [_thread_blocked, id=21300, stack(0x00000041d2e00000,0x00000041d2f00000)]
=>0x0000014ba0556480 JavaThread "C2 CompilerThread0" daemon [_thread_in_native, id=17812, stack(0x00000041d2f00000,0x00000041d3000000)]
  0x0000014ba0581d40 JavaThread "C1 CompilerThread0" daemon [_thread_blocked, id=15280, stack(0x00000041d3000000,0x00000041d3100000)]
  0x0000014ba05832b0 JavaThread "Sweeper thread" daemon [_thread_blocked, id=12472, stack(0x00000041d3100000,0x00000041d3200000)]
  0x0000014ba07c8dd0 JavaThread "Notification Thread" daemon [_thread_blocked, id=12060, stack(0x00000041d3200000,0x00000041d3300000)]
  0x0000014ba07d5740 JavaThread "Common-Cleaner" daemon [_thread_blocked, id=19756, stack(0x00000041d3400000,0x00000041d3500000)]

Other Threads:
  0x0000014ba052dc50 VMThread "VM Thread" [stack: 0x00000041d2800000,0x00000041d2900000] [id=23940]
  0x0000014ba07d3ee0 WatcherThread [stack: 0x00000041d3300000,0x00000041d3400000] [id=6936]
  0x0000014b831882a0 GCTaskThread "GC Thread#0" [stack: 0x00000041d2300000,0x00000041d2400000] [id=18008]
  0x0000014be61b29d0 GCTaskThread "GC Thread#1" [stack: 0x00000041d3500000,0x00000041d3600000] [id=22580]
  0x0000014be61f0140 GCTaskThread "GC Thread#2" [stack: 0x00000041d3600000,0x00000041d3700000] [id=14496]
  0x0000014be61f0400 GCTaskThread "GC Thread#3" [stack: 0x00000041d3700000,0x00000041d3800000] [id=24588]
  0x0000014be61f06c0 GCTaskThread "GC Thread#4" [stack: 0x00000041d3800000,0x00000041d3900000] [id=17712]
  0x0000014be61f0980 GCTaskThread "GC Thread#5" [stack: 0x00000041d3900000,0x00000041d3a00000] [id=19296]
  0x0000014ba08121d0 GCTaskThread "GC Thread#6" [stack: 0x00000041d3a00000,0x00000041d3b00000] [id=20624]
  0x0000014be67fec70 GCTaskThread "GC Thread#7" [stack: 0x00000041d3b00000,0x00000041d3c00000] [id=25148]
  0x0000014be6333c20 GCTaskThread "GC Thread#8" [stack: 0x00000041d3c00000,0x00000041d3d00000] [id=27084]
  0x0000014b83194a70 ConcurrentGCThread "G1 Main Marker" [stack: 0x00000041d2400000,0x00000041d2500000] [id=25364]
  0x0000014b83195490 ConcurrentGCThread "G1 Conc#0" [stack: 0x00000041d2500000,0x00000041d2600000] [id=28492]
  0x0000014ba03e80e0 ConcurrentGCThread "G1 Refine#0" [stack: 0x00000041d2600000,0x00000041d2700000] [id=29296]
  0x0000014ba03e99c0 ConcurrentGCThread "G1 Service" [stack: 0x00000041d2700000,0x00000041d2800000] [id=5580]

Threads with active compile tasks:
C2 CompilerThread0  19769 1465   !   4       org.jetbrains.kotlin.cli.jvm.compiler.jarfs.LargeDynamicMappedBuffer$Mapping::getBytes (65 bytes)

VM state: not at safepoint (normal execution)

VM Mutex/Monitor currently owned by a thread: None

Heap address: 0x00000000a3c00000, size: 1476 MB, Compressed Oops mode: 32-bit

CDS archive(s) mapped at: [0x0000014ba1000000-0x0000014ba1bb0000-0x0000014ba1bb0000), size 12255232, SharedBaseAddress: 0x0000014ba1000000, ArchiveRelocationMode: 1.
Compressed class space mapped at: 0x0000014ba2000000-0x0000014be2000000, reserved size: 1073741824
Narrow klass base: 0x0000014ba1000000, Narrow klass shift: 0, Narrow klass range: 0x100000000

GC Precious Log:
 CPUs: 12 total, 12 available
 Memory: 5896M
 Large Page Support: Disabled
 NUMA Support: Disabled
 Compressed Oops: Enabled (32-bit)
 Heap Region Size: 1M
 Heap Min Capacity: 8M
 Heap Initial Capacity: 94M
 Heap Max Capacity: 1476M
 Pre-touch: Disabled
 Parallel Workers: 10
 Concurrent Workers: 3
 Concurrent Refinement Workers: 10
 Periodic GC: Disabled

Heap:
 garbage-first heap   total 96256K, used 29927K [0x00000000a3c00000, 0x0000000100000000)
  region size 1024K, 25 young (25600K), 3 survivors (3072K)
 Metaspace       used 18715K, committed 18944K, reserved 1114112K
  class space    used 2141K, committed 2240K, reserved 1048576K

Heap Regions: E=young(eden), S=young(survivor), O=old, HS=humongous(starts), HC=humongous(continues), CS=collection set, F=free, OA=open archive, CA=closed archive, TAMS=top-at-mark-start (previous, next)
|   0|0x00000000a3c00000, 0x00000000a3d00000, 0x00000000a3d00000|100%|HS|  |TAMS 0x00000000a3c00000, 0x00000000a3c00000| Complete 
|   1|0x00000000a3d00000, 0x00000000a3e00000, 0x00000000a3e00000|100%|HC|  |TAMS 0x00000000a3d00000, 0x00000000a3d00000| Complete 
|   2|0x00000000a3e00000, 0x00000000a3f00000, 0x00000000a3f00000|100%|HC|  |TAMS 0x00000000a3e00000, 0x00000000a3e00000| Complete 
|   3|0x00000000a3f00000, 0x00000000a4000000, 0x00000000a4000000|100%| O|  |TAMS 0x00000000a3f00000, 0x00000000a3f00000| Untracked 
|   4|0x00000000a4000000, 0x00000000a4100000, 0x00000000a4100000|100%| O|  |TAMS 0x00000000a4000000, 0x00000000a4000000| Untracked 
|   5|0x00000000a4100000, 0x00000000a41a1a08, 0x00000000a4200000| 63%| O|  |TAMS 0x00000000a4100000, 0x00000000a4100000| Untracked 
|   6|0x00000000a4200000, 0x00000000a4200000, 0x00000000a4300000|  0%| F|  |TAMS 0x00000000a4200000, 0x00000000a4200000| Untracked 
|   7|0x00000000a4300000, 0x00000000a4300000, 0x00000000a4400000|  0%| F|  |TAMS 0x00000000a4300000, 0x00000000a4300000| Untracked 
|   8|0x00000000a4400000, 0x00000000a4400000, 0x00000000a4500000|  0%| F|  |TAMS 0x00000000a4400000, 0x00000000a4400000| Untracked 
|   9|0x00000000a4500000, 0x00000000a4500000, 0x00000000a4600000|  0%| F|  |TAMS 0x00000000a4500000, 0x00000000a4500000| Untracked 
|  10|0x00000000a4600000, 0x00000000a4600000, 0x00000000a4700000|  0%| F|  |TAMS 0x00000000a4600000, 0x00000000a4600000| Untracked 
|  11|0x00000000a4700000, 0x00000000a4700000, 0x00000000a4800000|  0%| F|  |TAMS 0x00000000a4700000, 0x00000000a4700000| Untracked 
|  12|0x00000000a4800000, 0x00000000a4800000, 0x00000000a4900000|  0%| F|  |TAMS 0x00000000a4800000, 0x00000000a4800000| Untracked 
|  13|0x00000000a4900000, 0x00000000a4900000, 0x00000000a4a00000|  0%| F|  |TAMS 0x00000000a4900000, 0x00000000a4900000| Untracked 
|  14|0x00000000a4a00000, 0x00000000a4a00000, 0x00000000a4b00000|  0%| F|  |TAMS 0x00000000a4a00000, 0x00000000a4a00000| Untracked 
|  15|0x00000000a4b00000, 0x00000000a4b00000, 0x00000000a4c00000|  0%| F|  |TAMS 0x00000000a4b00000, 0x00000000a4b00000| Untracked 
|  16|0x00000000a4c00000, 0x00000000a4c00000, 0x00000000a4d00000|  0%| F|  |TAMS 0x00000000a4c00000, 0x00000000a4c00000| Untracked 
|  17|0x00000000a4d00000, 0x00000000a4d00000, 0x00000000a4e00000|  0%| F|  |TAMS 0x00000000a4d00000, 0x00000000a4d00000| Untracked 
|  18|0x00000000a4e00000, 0x00000000a4e00000, 0x00000000a4f00000|  0%| F|  |TAMS 0x00000000a4e00000, 0x00000000a4e00000| Untracked 
|  19|0x00000000a4f00000, 0x00000000a4f00000, 0x00000000a5000000|  0%| F|  |TAMS 0x00000000a4f00000, 0x00000000a4f00000| Untracked 
|  20|0x00000000a5000000, 0x00000000a5000000, 0x00000000a5100000|  0%| F|  |TAMS 0x00000000a5000000, 0x00000000a5000000| Untracked 
|  21|0x00000000a5100000, 0x00000000a5100000, 0x00000000a5200000|  0%| F|  |TAMS 0x00000000a5100000, 0x00000000a5100000| Untracked 
|  22|0x00000000a5200000, 0x00000000a5200000, 0x00000000a5300000|  0%| F|  |TAMS 0x00000000a5200000, 0x00000000a5200000| Untracked 
|  23|0x00000000a5300000, 0x00000000a5300000, 0x00000000a5400000|  0%| F|  |TAMS 0x00000000a5300000, 0x00000000a5300000| Untracked 
|  24|0x00000000a5400000, 0x00000000a5400000, 0x00000000a5500000|  0%| F|  |TAMS 0x00000000a5400000, 0x00000000a5400000| Untracked 
|  25|0x00000000a5500000, 0x00000000a5500000, 0x00000000a5600000|  0%| F|  |TAMS 0x00000000a5500000, 0x00000000a5500000| Untracked 
|  26|0x00000000a5600000, 0x00000000a5600000, 0x00000000a5700000|  0%| F|  |TAMS 0x00000000a5600000, 0x00000000a5600000| Untracked 
|  27|0x00000000a5700000, 0x00000000a5700000, 0x00000000a5800000|  0%| F|  |TAMS 0x00000000a5700000, 0x00000000a5700000| Untracked 
|  28|0x00000000a5800000, 0x00000000a5800000, 0x00000000a5900000|  0%| F|  |TAMS 0x00000000a5800000, 0x00000000a5800000| Untracked 
|  29|0x00000000a5900000, 0x00000000a5900000, 0x00000000a5a00000|  0%| F|  |TAMS 0x00000000a5900000, 0x00000000a5900000| Untracked 
|  30|0x00000000a5a00000, 0x00000000a5a00000, 0x00000000a5b00000|  0%| F|  |TAMS 0x00000000a5a00000, 0x00000000a5a00000| Untracked 
|  31|0x00000000a5b00000, 0x00000000a5b00000, 0x00000000a5c00000|  0%| F|  |TAMS 0x00000000a5b00000, 0x00000000a5b00000| Untracked 
|  32|0x00000000a5c00000, 0x00000000a5c00000, 0x00000000a5d00000|  0%| F|  |TAMS 0x00000000a5c00000, 0x00000000a5c00000| Untracked 
|  33|0x00000000a5d00000, 0x00000000a5d00000, 0x00000000a5e00000|  0%| F|  |TAMS 0x00000000a5d00000, 0x00000000a5d00000| Untracked 
|  34|0x00000000a5e00000, 0x00000000a5e00000, 0x00000000a5f00000|  0%| F|  |TAMS 0x00000000a5e00000, 0x00000000a5e00000| Untracked 
|  35|0x00000000a5f00000, 0x00000000a5f00000, 0x00000000a6000000|  0%| F|  |TAMS 0x00000000a5f00000, 0x00000000a5f00000| Untracked 
|  36|0x00000000a6000000, 0x00000000a6000000, 0x00000000a6100000|  0%| F|  |TAMS 0x00000000a6000000, 0x00000000a6000000| Untracked 
|  37|0x00000000a6100000, 0x00000000a6100000, 0x00000000a6200000|  0%| F|  |TAMS 0x00000000a6100000, 0x00000000a6100000| Untracked 
|  38|0x00000000a6200000, 0x00000000a6200000, 0x00000000a6300000|  0%| F|  |TAMS 0x00000000a6200000, 0x00000000a6200000| Untracked 
|  39|0x00000000a6300000, 0x00000000a6300000, 0x00000000a6400000|  0%| F|  |TAMS 0x00000000a6300000, 0x00000000a6300000| Untracked 
|  40|0x00000000a6400000, 0x00000000a6400000, 0x00000000a6500000|  0%| F|  |TAMS 0x00000000a6400000, 0x00000000a6400000| Untracked 
|  41|0x00000000a6500000, 0x00000000a6500000, 0x00000000a6600000|  0%| F|  |TAMS 0x00000000a6500000, 0x00000000a6500000| Untracked 
|  42|0x00000000a6600000, 0x00000000a6600000, 0x00000000a6700000|  0%| F|  |TAMS 0x00000000a6600000, 0x00000000a6600000| Untracked 
|  43|0x00000000a6700000, 0x00000000a6700000, 0x00000000a6800000|  0%| F|  |TAMS 0x00000000a6700000, 0x00000000a6700000| Untracked 
|  44|0x00000000a6800000, 0x00000000a6800000, 0x00000000a6900000|  0%| F|  |TAMS 0x00000000a6800000, 0x00000000a6800000| Untracked 
|  45|0x00000000a6900000, 0x00000000a6900000, 0x00000000a6a00000|  0%| F|  |TAMS 0x00000000a6900000, 0x00000000a6900000| Untracked 
|  46|0x00000000a6a00000, 0x00000000a6a00000, 0x00000000a6b00000|  0%| F|  |TAMS 0x00000000a6a00000, 0x00000000a6a00000| Untracked 
|  47|0x00000000a6b00000, 0x00000000a6b00000, 0x00000000a6c00000|  0%| F|  |TAMS 0x00000000a6b00000, 0x00000000a6b00000| Untracked 
|  48|0x00000000a6c00000, 0x00000000a6c00000, 0x00000000a6d00000|  0%| F|  |TAMS 0x00000000a6c00000, 0x00000000a6c00000| Untracked 
|  49|0x00000000a6d00000, 0x00000000a6d00000, 0x00000000a6e00000|  0%| F|  |TAMS 0x00000000a6d00000, 0x00000000a6d00000| Untracked 
|  50|0x00000000a6e00000, 0x00000000a6e00000, 0x00000000a6f00000|  0%| F|  |TAMS 0x00000000a6e00000, 0x00000000a6e00000| Untracked 
|  51|0x00000000a6f00000, 0x00000000a6f00000, 0x00000000a7000000|  0%| F|  |TAMS 0x00000000a6f00000, 0x00000000a6f00000| Untracked 
|  52|0x00000000a7000000, 0x00000000a7000000, 0x00000000a7100000|  0%| F|  |TAMS 0x00000000a7000000, 0x00000000a7000000| Untracked 
|  53|0x00000000a7100000, 0x00000000a7100000, 0x00000000a7200000|  0%| F|  |TAMS 0x00000000a7100000, 0x00000000a7100000| Untracked 
|  54|0x00000000a7200000, 0x00000000a7200000, 0x00000000a7300000|  0%| F|  |TAMS 0x00000000a7200000, 0x00000000a7200000| Untracked 
|  55|0x00000000a7300000, 0x00000000a7398520, 0x00000000a7400000| 59%| S|CS|TAMS 0x00000000a7300000, 0x00000000a7300000| Complete 
|  56|0x00000000a7400000, 0x00000000a7500000, 0x00000000a7500000|100%| S|CS|TAMS 0x00000000a7400000, 0x00000000a7400000| Complete 
|  57|0x00000000a7500000, 0x00000000a7600000, 0x00000000a7600000|100%| S|CS|TAMS 0x00000000a7500000, 0x00000000a7500000| Complete 
|  58|0x00000000a7600000, 0x00000000a7600000, 0x00000000a7700000|  0%| F|  |TAMS 0x00000000a7600000, 0x00000000a7600000| Untracked 
|  59|0x00000000a7700000, 0x00000000a7700000, 0x00000000a7800000|  0%| F|  |TAMS 0x00000000a7700000, 0x00000000a7700000| Untracked 
|  60|0x00000000a7800000, 0x00000000a7800000, 0x00000000a7900000|  0%| F|  |TAMS 0x00000000a7800000, 0x00000000a7800000| Untracked 
|  61|0x00000000a7900000, 0x00000000a7900000, 0x00000000a7a00000|  0%| F|  |TAMS 0x00000000a7900000, 0x00000000a7900000| Untracked 
|  62|0x00000000a7a00000, 0x00000000a7a00000, 0x00000000a7b00000|  0%| F|  |TAMS 0x00000000a7a00000, 0x00000000a7a00000| Untracked 
|  63|0x00000000a7b00000, 0x00000000a7b00000, 0x00000000a7c00000|  0%| F|  |TAMS 0x00000000a7b00000, 0x00000000a7b00000| Untracked 
|  64|0x00000000a7c00000, 0x00000000a7c00000, 0x00000000a7d00000|  0%| F|  |TAMS 0x00000000a7c00000, 0x00000000a7c00000| Untracked 
|  65|0x00000000a7d00000, 0x00000000a7d00000, 0x00000000a7e00000|  0%| F|  |TAMS 0x00000000a7d00000, 0x00000000a7d00000| Untracked 
|  66|0x00000000a7e00000, 0x00000000a7e00000, 0x00000000a7f00000|  0%| F|  |TAMS 0x00000000a7e00000, 0x00000000a7e00000| Untracked 
|  67|0x00000000a7f00000, 0x00000000a7f00000, 0x00000000a8000000|  0%| F|  |TAMS 0x00000000a7f00000, 0x00000000a7f00000| Untracked 
|  68|0x00000000a8000000, 0x00000000a8000000, 0x00000000a8100000|  0%| F|  |TAMS 0x00000000a8000000, 0x00000000a8000000| Untracked 
|  69|0x00000000a8100000, 0x00000000a8100000, 0x00000000a8200000|  0%| F|  |TAMS 0x00000000a8100000, 0x00000000a8100000| Untracked 
|  70|0x00000000a8200000, 0x00000000a8200000, 0x00000000a8300000|  0%| F|  |TAMS 0x00000000a8200000, 0x00000000a8200000| Untracked 
|  71|0x00000000a8300000, 0x00000000a8300000, 0x00000000a8400000|  0%| F|  |TAMS 0x00000000a8300000, 0x00000000a8300000| Untracked 
|  72|0x00000000a8400000, 0x00000000a8486ca0, 0x00000000a8500000| 52%| E|  |TAMS 0x00000000a8400000, 0x00000000a8400000| Complete 
|  73|0x00000000a8500000, 0x00000000a8600000, 0x00000000a8600000|100%| E|CS|TAMS 0x00000000a8500000, 0x00000000a8500000| Complete 
|  74|0x00000000a8600000, 0x00000000a8700000, 0x00000000a8700000|100%| E|CS|TAMS 0x00000000a8600000, 0x00000000a8600000| Complete 
|  75|0x00000000a8700000, 0x00000000a8800000, 0x00000000a8800000|100%| E|CS|TAMS 0x00000000a8700000, 0x00000000a8700000| Complete 
|  76|0x00000000a8800000, 0x00000000a8900000, 0x00000000a8900000|100%| E|CS|TAMS 0x00000000a8800000, 0x00000000a8800000| Complete 
|  77|0x00000000a8900000, 0x00000000a8a00000, 0x00000000a8a00000|100%| E|CS|TAMS 0x00000000a8900000, 0x00000000a8900000| Complete 
|  78|0x00000000a8a00000, 0x00000000a8b00000, 0x00000000a8b00000|100%| E|CS|TAMS 0x00000000a8a00000, 0x00000000a8a00000| Complete 
|  79|0x00000000a8b00000, 0x00000000a8c00000, 0x00000000a8c00000|100%| E|CS|TAMS 0x00000000a8b00000, 0x00000000a8b00000| Complete 
|  80|0x00000000a8c00000, 0x00000000a8d00000, 0x00000000a8d00000|100%| E|CS|TAMS 0x00000000a8c00000, 0x00000000a8c00000| Complete 
|  81|0x00000000a8d00000, 0x00000000a8e00000, 0x00000000a8e00000|100%| E|CS|TAMS 0x00000000a8d00000, 0x00000000a8d00000| Complete 
|  82|0x00000000a8e00000, 0x00000000a8f00000, 0x00000000a8f00000|100%| E|CS|TAMS 0x00000000a8e00000, 0x00000000a8e00000| Complete 
|  83|0x00000000a8f00000, 0x00000000a9000000, 0x00000000a9000000|100%| E|CS|TAMS 0x00000000a8f00000, 0x00000000a8f00000| Complete 
|  84|0x00000000a9000000, 0x00000000a9100000, 0x00000000a9100000|100%| E|CS|TAMS 0x00000000a9000000, 0x00000000a9000000| Complete 
|  85|0x00000000a9100000, 0x00000000a9200000, 0x00000000a9200000|100%| E|CS|TAMS 0x00000000a9100000, 0x00000000a9100000| Complete 
|  86|0x00000000a9200000, 0x00000000a9300000, 0x00000000a9300000|100%| E|CS|TAMS 0x00000000a9200000, 0x00000000a9200000| Complete 
|  87|0x00000000a9300000, 0x00000000a9400000, 0x00000000a9400000|100%| E|CS|TAMS 0x00000000a9300000, 0x00000000a9300000| Complete 
|  88|0x00000000a9400000, 0x00000000a9500000, 0x00000000a9500000|100%| E|CS|TAMS 0x00000000a9400000, 0x00000000a9400000| Complete 
|  89|0x00000000a9500000, 0x00000000a9600000, 0x00000000a9600000|100%| E|CS|TAMS 0x00000000a9500000, 0x00000000a9500000| Complete 
|  90|0x00000000a9600000, 0x00000000a9700000, 0x00000000a9700000|100%| E|CS|TAMS 0x00000000a9600000, 0x00000000a9600000| Complete 
|  91|0x00000000a9700000, 0x00000000a9800000, 0x00000000a9800000|100%| E|CS|TAMS 0x00000000a9700000, 0x00000000a9700000| Complete 
|  92|0x00000000a9800000, 0x00000000a9900000, 0x00000000a9900000|100%| E|CS|TAMS 0x00000000a9800000, 0x00000000a9800000| Complete 
|  93|0x00000000a9900000, 0x00000000a9a00000, 0x00000000a9a00000|100%| E|CS|TAMS 0x00000000a9900000, 0x00000000a9900000| Complete 

Card table byte_map: [0x0000014b9a500000,0x0000014b9a7f0000] _byte_map_base: 0x0000014b99fe2000

Marking Bits (Prev, Next): (CMBitMap*) 0x0000014b831888c0, (CMBitMap*) 0x0000014b83188900
 Prev Bits: [0x0000014b9aae0000, 0x0000014b9c1f0000)
 Next Bits: [0x0000014b9c1f0000, 0x0000014b9d900000)

Polling page: 0x0000014b81300000

Metaspace:

Usage:
  Non-class:     16.22 MB used.
      Class:      2.10 MB used.
       Both:     18.31 MB used.

Virtual space:
  Non-class space:       64.00 MB reserved,      16.38 MB ( 26%) committed,  1 nodes.
      Class space:        1.00 GB reserved,       2.19 MB ( <1%) committed,  1 nodes.
             Both:        1.06 GB reserved,      18.56 MB (  2%) committed. 

Chunk freelists:
   Non-Class:  14.03 MB
       Class:  13.83 MB
        Both:  27.86 MB

MaxMetaspaceSize: unlimited
CompressedClassSpaceSize: 1.00 GB
Initial GC threshold: 21.00 MB
Current GC threshold: 21.00 MB
CDS: on
MetaspaceReclaimPolicy: balanced
 - commit_granule_bytes: 65536.
 - commit_granule_words: 8192.
 - virtual_space_node_default_size: 8388608.
 - enlarge_chunks_in_place: 1.
 - new_chunks_are_fully_committed: 0.
 - uncommit_free_chunks: 1.
 - use_allocation_guard: 0.
 - handle_deallocations: 1.


Internal statistics:

num_allocs_failed_limit: 0.
num_arena_births: 158.
num_arena_deaths: 0.
num_vsnodes_births: 2.
num_vsnodes_deaths: 0.
num_space_committed: 297.
num_space_uncommitted: 0.
num_chunks_returned_to_freelist: 0.
num_chunks_taken_from_freelist: 789.
num_chunk_merges: 0.
num_chunk_splits: 608.
num_chunks_enlarged: 533.
num_inconsistent_stats: 0.

CodeHeap 'non-profiled nmethods': size=120000Kb used=582Kb max_used=582Kb free=119417Kb
 bounds [0x0000014b92790000, 0x0000014b92a00000, 0x0000014b99cc0000]
CodeHeap 'profiled nmethods': size=120000Kb used=2682Kb max_used=2682Kb free=117317Kb
 bounds [0x0000014b8acc0000, 0x0000014b8af60000, 0x0000014b921f0000]
CodeHeap 'non-nmethods': size=5760Kb used=1217Kb max_used=1242Kb free=4542Kb
 bounds [0x0000014b921f0000, 0x0000014b92460000, 0x0000014b92790000]
 total_blobs=2009 nmethods=1503 adapters=419
 compilation: enabled
              stopped_count=0, restarted_count=0
 full_count=0

Compilation events (20 events):
Event: 17.395 Thread 0x0000014ba0581d40 1494       3       java.util.ArrayList::set (24 bytes)
Event: 17.395 Thread 0x0000014ba0581d40 nmethod 1494 0x0000014b8af5a710 code [0x0000014b8af5a8e0, 0x0000014b8af5ae08]
Event: 17.395 Thread 0x0000014ba0581d40 1498   !   3       org.jetbrains.kotlin.protobuf.ByteString::toStringUtf8 (19 bytes)
Event: 17.396 Thread 0x0000014ba0581d40 nmethod 1498 0x0000014b8af5b010 code [0x0000014b8af5b1e0, 0x0000014b8af5b498]
Event: 17.396 Thread 0x0000014ba0581d40 1499       3       org.jetbrains.kotlin.protobuf.LiteralByteString::toString (21 bytes)
Event: 17.396 Thread 0x0000014ba0581d40 nmethod 1499 0x0000014b8af5b590 code [0x0000014b8af5b740, 0x0000014b8af5bac8]
Event: 17.396 Thread 0x0000014ba0581d40 1500       3       org.jetbrains.kotlin.protobuf.LiteralByteString::isValidUtf8 (20 bytes)
Event: 17.396 Thread 0x0000014ba0581d40 nmethod 1500 0x0000014b8af5bc10 code [0x0000014b8af5bde0, 0x0000014b8af5c1a8]
Event: 17.396 Thread 0x0000014ba0581d40 1496       3       org.jetbrains.kotlin.protobuf.UnmodifiableLazyStringList$2::next (5 bytes)
Event: 17.396 Thread 0x0000014ba0581d40 nmethod 1496 0x0000014b8af5c310 code [0x0000014b8af5c4c0, 0x0000014b8af5c808]
Event: 17.396 Thread 0x0000014ba0581d40 1501       3       kotlin.collections.CollectionsKt___CollectionsKt::getOrNull (45 bytes)
Event: 17.396 Thread 0x0000014ba0581d40 nmethod 1501 0x0000014b8af5c910 code [0x0000014b8af5cb60, 0x0000014b8af5d398]
Event: 17.396 Thread 0x0000014ba0581d40 1497       3       org.jetbrains.kotlin.protobuf.UnmodifiableLazyStringList$2::next (13 bytes)
Event: 17.396 Thread 0x0000014ba0581d40 nmethod 1497 0x0000014b8af5d610 code [0x0000014b8af5d7c0, 0x0000014b8af5da88]
Event: 17.397 Thread 0x0000014ba0581d40 1493       1       org.jetbrains.kotlin.protobuf.UnmodifiableLazyStringList::access$000 (5 bytes)
Event: 17.397 Thread 0x0000014ba0581d40 nmethod 1493 0x0000014b92820f90 code [0x0000014b92821120, 0x0000014b928211d8]
Event: 17.397 Thread 0x0000014ba0581d40 1502       3       java.util.Collections$UnmodifiableList::get (11 bytes)
Event: 17.397 Thread 0x0000014ba0581d40 nmethod 1502 0x0000014b8af5db90 code [0x0000014b8af5dd40, 0x0000014b8af5df08]
Event: 17.397 Thread 0x0000014ba0581d40 1503       1       org.jetbrains.kotlin.cli.jvm.compiler.jarfs.FastJarVirtualFile::getNameSequence (5 bytes)
Event: 17.397 Thread 0x0000014ba0581d40 nmethod 1503 0x0000014b92821290 code [0x0000014b92821420, 0x0000014b928214f8]

GC Heap History (4 events):
Event: 13.956 GC heap before
{Heap before GC invocations=0 (full 0):
 garbage-first heap   total 96256K, used 26624K [0x00000000a3c00000, 0x0000000100000000)
  region size 1024K, 23 young (23552K), 0 survivors (0K)
 Metaspace       used 6984K, committed 7104K, reserved 1114112K
  class space    used 681K, committed 704K, reserved 1048576K
}
Event: 13.963 GC heap after
{Heap after GC invocations=1 (full 0):
 garbage-first heap   total 96256K, used 5920K [0x00000000a3c00000, 0x0000000100000000)
  region size 1024K, 3 young (3072K), 3 survivors (3072K)
 Metaspace       used 6984K, committed 7104K, reserved 1114112K
  class space    used 681K, committed 704K, reserved 1048576K
}
Event: 16.499 GC heap before
{Heap before GC invocations=1 (full 0):
 garbage-first heap   total 96256K, used 39712K [0x00000000a3c00000, 0x0000000100000000)
  region size 1024K, 36 young (36864K), 3 survivors (3072K)
 Metaspace       used 16198K, committed 16448K, reserved 1114112K
  class space    used 1858K, committed 1984K, reserved 1048576K
}
Event: 16.507 GC heap after
{Heap after GC invocations=2 (full 0):
 garbage-first heap   total 96256K, used 8423K [0x00000000a3c00000, 0x0000000100000000)
  region size 1024K, 3 young (3072K), 3 survivors (3072K)
 Metaspace       used 16198K, committed 16448K, reserved 1114112K
  class space    used 1858K, committed 1984K, reserved 1048576K
}

Dll operation events (9 events):
Event: 0.077 Loaded shared library C:\Program Files\Eclipse Adoptium\jdk-17.0.20.8-hotspot\bin\java.dll
Event: 0.149 Loaded shared library C:\Program Files\Eclipse Adoptium\jdk-17.0.20.8-hotspot\bin\jsvml.dll
Event: 0.411 Loaded shared library C:\Program Files\Eclipse Adoptium\jdk-17.0.20.8-hotspot\bin\net.dll
Event: 0.452 Loaded shared library C:\Program Files\Eclipse Adoptium\jdk-17.0.20.8-hotspot\bin\nio.dll
Event: 7.010 Loaded shared library C:\Program Files\Eclipse Adoptium\jdk-17.0.20.8-hotspot\bin\zip.dll
Event: 7.713 Loaded shared library C:\Program Files\Eclipse Adoptium\jdk-17.0.20.8-hotspot\bin\jimage.dll
Event: 12.292 Loaded shared library C:\Program Files\Eclipse Adoptium\jdk-17.0.20.8-hotspot\bin\management.dll
Event: 12.313 Loaded shared library C:\Program Files\Eclipse Adoptium\jdk-17.0.20.8-hotspot\bin\management_ext.dll
Event: 17.207 Loaded shared library C:\Program Files\Eclipse Adoptium\jdk-17.0.20.8-hotspot\bin\verify.dll

Deoptimization events (20 events):
Event: 17.191 Thread 0x0000014b8313b410 Uncommon trap: trap_request=0xffffffde fr.pc=0x0000014b927fd6ec relative=0x00000000000001ec
Event: 17.191 Thread 0x0000014b8313b410 Uncommon trap: reason=class_check action=maybe_recompile pc=0x0000014b927fd6ec method=org.jetbrains.kotlin.com.intellij.openapi.util.text.StringUtilRt.equal(Ljava/lang/CharSequence;Ljava/lang/CharSequence;Z)Z @ 18 c2
Event: 17.191 Thread 0x0000014b8313b410 DEOPT PACKING pc=0x0000014b927fd6ec sp=0x00000041d22fe3c0
Event: 17.191 Thread 0x0000014b8313b410 DEOPT UNPACKING pc=0x0000014b9224a1a3 sp=0x00000041d22fe378 mode 2
Event: 17.191 Thread 0x0000014b8313b410 Uncommon trap: trap_request=0xffffffde fr.pc=0x0000014b927fd6ec relative=0x00000000000001ec
Event: 17.191 Thread 0x0000014b8313b410 Uncommon trap: reason=class_check action=maybe_recompile pc=0x0000014b927fd6ec method=org.jetbrains.kotlin.com.intellij.openapi.util.text.StringUtilRt.equal(Ljava/lang/CharSequence;Ljava/lang/CharSequence;Z)Z @ 18 c2
Event: 17.191 Thread 0x0000014b8313b410 DEOPT PACKING pc=0x0000014b927fd6ec sp=0x00000041d22fe3c0
Event: 17.191 Thread 0x0000014b8313b410 DEOPT UNPACKING pc=0x0000014b9224a1a3 sp=0x00000041d22fe378 mode 2
Event: 17.191 Thread 0x0000014b8313b410 Uncommon trap: trap_request=0xffffffde fr.pc=0x0000014b927fd6ec relative=0x00000000000001ec
Event: 17.191 Thread 0x0000014b8313b410 Uncommon trap: reason=class_check action=maybe_recompile pc=0x0000014b927fd6ec method=org.jetbrains.kotlin.com.intellij.openapi.util.text.StringUtilRt.equal(Ljava/lang/CharSequence;Ljava/lang/CharSequence;Z)Z @ 18 c2
Event: 17.191 Thread 0x0000014b8313b410 DEOPT PACKING pc=0x0000014b927fd6ec sp=0x00000041d22fe3c0
Event: 17.191 Thread 0x0000014b8313b410 DEOPT UNPACKING pc=0x0000014b9224a1a3 sp=0x00000041d22fe378 mode 2
Event: 17.348 Thread 0x0000014b8313b410 Uncommon trap: trap_request=0xffffff45 fr.pc=0x0000014b92816840 relative=0x00000000000002a0
Event: 17.348 Thread 0x0000014b8313b410 Uncommon trap: reason=unstable_if action=reinterpret pc=0x0000014b92816840 method=java.lang.String.<init>([CIILjava/lang/Void;)V @ 5 c2
Event: 17.348 Thread 0x0000014b8313b410 DEOPT PACKING pc=0x0000014b92816840 sp=0x00000041d22fe440
Event: 17.348 Thread 0x0000014b8313b410 DEOPT UNPACKING pc=0x0000014b9224a1a3 sp=0x00000041d22fe388 mode 2
Event: 17.349 Thread 0x0000014b8313b410 Uncommon trap: trap_request=0xffffff45 fr.pc=0x0000014b92815d28 relative=0x0000000000000308
Event: 17.349 Thread 0x0000014b8313b410 Uncommon trap: reason=unstable_if action=reinterpret pc=0x0000014b92815d28 method=java.lang.String.<init>([CIILjava/lang/Void;)V @ 5 c2
Event: 17.349 Thread 0x0000014b8313b410 DEOPT PACKING pc=0x0000014b92815d28 sp=0x00000041d22fe3a0
Event: 17.349 Thread 0x0000014b8313b410 DEOPT UNPACKING pc=0x0000014b9224a1a3 sp=0x00000041d22fe388 mode 2

Classes loaded (20 events):
Event: 17.177 Loading class sun/net/www/protocol/file/FileURLConnection
Event: 17.178 Loading class sun/net/www/URLConnection
Event: 17.178 Loading class sun/net/www/URLConnection done
Event: 17.178 Loading class sun/net/www/protocol/file/FileURLConnection done
Event: 17.178 Loading class sun/net/www/MessageHeader
Event: 17.179 Loading class sun/net/www/MessageHeader done
Event: 17.179 Loading class sun/net/www/protocol/jar/URLJarFile
Event: 17.179 Loading class sun/net/www/protocol/jar/URLJarFile done
Event: 17.181 Loading class sun/net/www/protocol/jar/URLJarFile$URLJarFileEntry
Event: 17.181 Loading class sun/net/www/protocol/jar/URLJarFile$URLJarFileEntry done
Event: 17.181 Loading class sun/net/www/protocol/jar/JarURLConnection$JarURLInputStream
Event: 17.181 Loading class sun/net/www/protocol/jar/JarURLConnection$JarURLInputStream done
Event: 17.182 Loading class java/util/Collections$UnmodifiableMap$UnmodifiableEntrySet
Event: 17.185 Loading class java/util/Collections$UnmodifiableMap$UnmodifiableEntrySet done
Event: 17.185 Loading class java/util/Collections$UnmodifiableMap$UnmodifiableEntrySet$1
Event: 17.186 Loading class java/util/Collections$UnmodifiableMap$UnmodifiableEntrySet$1 done
Event: 17.186 Loading class java/util/Collections$UnmodifiableMap$UnmodifiableEntrySet$UnmodifiableEntry
Event: 17.186 Loading class java/util/Collections$UnmodifiableMap$UnmodifiableEntrySet$UnmodifiableEntry done
Event: 17.192 Loading class java/io/EOFException
Event: 17.192 Loading class java/io/EOFException done

Classes unloaded (0 events):
No events

Classes redefined (0 events):
No events

Internal exceptions (20 events):
Event: 15.620 Thread 0x0000014b8313b410 Exception <a 'java/lang/NoSuchMethodError'{0x00000000a8b20f70}: 'int java.lang.invoke.DirectMethodHandle$Holder.invokeSpecial(java.lang.Object, java.lang.Object, java.lang.Object, java.lang.Object)'> (0x00000000a8b20f70) 
thrown [s\src\hotspot\share\interpreter\linkResolver.cpp, line 759]
Event: 15.625 Thread 0x0000014b8313b410 Exception <a 'java/lang/NoSuchMethodError'{0x00000000a8b2ff10}: 'void java.lang.invoke.DelegatingMethodHandle$Holder.reinvoke_L(java.lang.Object, java.lang.Object, java.lang.Object, long, java.lang.Object, long, long)'> (0x00000000a8b2ff10) 
thrown [s\src\hotspot\share\interpreter\linkResolver.cpp, line 759]
Event: 15.627 Thread 0x0000014b8313b410 Exception <a 'java/lang/NoSuchMethodError'{0x00000000a8b371b0}: 'long java.lang.invoke.Invokers$Holder.invokeExact_MT(java.lang.Object, java.lang.Object, java.lang.Object)'> (0x00000000a8b371b0) 
thrown [s\src\hotspot\share\interpreter\linkResolver.cpp, line 759]
Event: 15.628 Thread 0x0000014b8313b410 Exception <a 'java/lang/NoSuchMethodError'{0x00000000a8b3b630}: 'int java.lang.invoke.Invokers$Holder.invokeExact_MT(java.lang.Object, java.lang.Object, java.lang.Object)'> (0x00000000a8b3b630) 
thrown [s\src\hotspot\share\interpreter\linkResolver.cpp, line 759]
Event: 15.670 Thread 0x0000014b8313b410 Exception <a 'java/lang/NoSuchMethodError'{0x00000000a8a25e10}: 'int java.lang.invoke.DirectMethodHandle$Holder.invokeStaticInit(java.lang.Object, java.lang.Object, java.lang.Object)'> (0x00000000a8a25e10) 
thrown [s\src\hotspot\share\interpreter\linkResolver.cpp, line 759]
Event: 15.680 Thread 0x0000014b8313b410 Exception <a 'java/lang/NoSuchMethodError'{0x00000000a8a56678}: 'int java.lang.invoke.DirectMethodHandle$Holder.invokeStaticInit(java.lang.Object, java.lang.Object)'> (0x00000000a8a56678) 
thrown [s\src\hotspot\share\interpreter\linkResolver.cpp, line 759]
Event: 15.722 Thread 0x0000014b8313b410 Exception <a 'java/lang/NoSuchMethodError'{0x00000000a891c408}: 'int java.lang.invoke.DirectMethodHandle$Holder.invokeStatic(java.lang.Object)'> (0x00000000a891c408) 
thrown [s\src\hotspot\share\interpreter\linkResolver.cpp, line 759]
Event: 15.722 Thread 0x0000014b8313b410 Exception <a 'java/lang/NoSuchMethodError'{0x00000000a891fab0}: 'int java.lang.invoke.DirectMethodHandle$Holder.invokeStaticInit(java.lang.Object)'> (0x00000000a891fab0) 
thrown [s\src\hotspot\share\interpreter\linkResolver.cpp, line 759]
Event: 15.744 Thread 0x0000014b8313b410 Exception <a 'java/lang/NoSuchMethodError'{0x00000000a894a280}: 'java.lang.Object java.lang.invoke.DirectMethodHandle$Holder.invokeStatic(java.lang.Object, java.lang.Object, int, java.lang.Object, int)'> (0x00000000a894a280) 
thrown [s\src\hotspot\share\interpreter\linkResolver.cpp, line 759]
Event: 15.745 Thread 0x0000014b8313b410 Exception <a 'java/lang/NoSuchMethodError'{0x00000000a89515b0}: 'java.lang.Object java.lang.invoke.DirectMethodHandle$Holder.newInvokeSpecial(java.lang.Object, java.lang.Object, int)'> (0x00000000a89515b0) 
thrown [s\src\hotspot\share\interpreter\linkResolver.cpp, line 759]
Event: 16.083 Thread 0x0000014b8313b410 Exception <a 'java/lang/NoSuchMethodError'{0x00000000a7fa9880}: 'java.lang.Object java.lang.invoke.DirectMethodHandle$Holder.invokeInterface(java.lang.Object, java.lang.Object)'> (0x00000000a7fa9880) 
thrown [s\src\hotspot\share\interpreter\linkResolver.cpp, line 759]
Event: 16.200 Thread 0x0000014b8313b410 Exception <a 'java/lang/NoSuchMethodError'{0x00000000a7c37cc8}: 'void java.lang.invoke.DirectMethodHandle$Holder.invokeStaticInit(java.lang.Object, java.lang.Object)'> (0x00000000a7c37cc8) 
thrown [s\src\hotspot\share\interpreter\linkResolver.cpp, line 759]
Event: 16.292 Thread 0x0000014b8313b410 Exception <a 'java/lang/NoSuchMethodError'{0x00000000a7a5f298}: 'int java.lang.invoke.DirectMethodHandle$Holder.invokeVirtual(java.lang.Object, java.lang.Object, java.lang.Object)'> (0x00000000a7a5f298) 
thrown [s\src\hotspot\share\interpreter\linkResolver.cpp, line 759]
Event: 16.429 Thread 0x0000014b8313b410 Exception <a 'java/lang/NoSuchMethodError'{0x00000000a778ee18}: 'void java.lang.invoke.DirectMethodHandle$Holder.invokeVirtual(java.lang.Object, java.lang.Object)'> (0x00000000a778ee18) 
thrown [s\src\hotspot\share\interpreter\linkResolver.cpp, line 759]
Event: 16.461 Thread 0x0000014b8313b410 Exception <a 'java/lang/NoSuchMethodError'{0x00000000a76185b0}: 'java.lang.Object java.lang.invoke.DirectMethodHandle$Holder.invokeStatic(java.lang.Object, java.lang.Object, long, long)'> (0x00000000a76185b0) 
thrown [s\src\hotspot\share\interpreter\linkResolver.cpp, line 759]
Event: 16.475 Thread 0x0000014b8313b410 Exception <a 'java/lang/NoSuchMethodError'{0x00000000a763dca8}: 'java.lang.Object java.lang.invoke.Invokers$Holder.invoke_MT(java.lang.Object, java.lang.Object, java.lang.Object)'> (0x00000000a763dca8) 
thrown [s\src\hotspot\share\interpreter\linkResolver.cpp, line 759]
Event: 16.482 Thread 0x0000014b8313b410 Exception <a 'java/lang/NoSuchMethodError'{0x00000000a764efa0}: 'java.lang.Object java.lang.invoke.DirectMethodHandle$Holder.invokeStatic(java.lang.Object, java.lang.Object, java.lang.Object, long, java.lang.Object)'> (0x00000000a764efa0) 
thrown [s\src\hotspot\share\interpreter\linkResolver.cpp, line 759]
Event: 16.483 Thread 0x0000014b8313b410 Exception <a 'java/lang/NoSuchMethodError'{0x00000000a7657018}: 'java.lang.Object java.lang.invoke.DirectMethodHandle$Holder.newInvokeSpecial(java.lang.Object, java.lang.Object, java.lang.Object, long)'> (0x00000000a7657018) 
thrown [s\src\hotspot\share\interpreter\linkResolver.cpp, line 759]
Event: 16.592 Thread 0x0000014b8313b410 Implicit null exception at 0x0000014b927fb138 to 0x0000014b927fb4cc
Event: 16.905 Thread 0x0000014b8313b410 Exception <a 'java/lang/NoSuchMethodError'{0x00000000a8c19868}: 'java.lang.Object java.lang.invoke.DirectMethodHandle$Holder.newInvokeSpecial(java.lang.Object, int, java.lang.Object, java.lang.Object, java.lang.Object, java.lang.Object)'> (0x00000000a8c19868) 
thrown [s\src\hotspot\share\interpreter\linkResolver.cpp, line 759]

VM Operations (20 events):
Event: 10.735 Executing VM operation: Cleanup
Event: 10.952 Executing VM operation: Cleanup done
Event: 11.959 Executing VM operation: Cleanup
Event: 12.116 Executing VM operation: Cleanup done
Event: 13.130 Executing VM operation: Cleanup
Event: 13.130 Executing VM operation: Cleanup done
Event: 13.956 Executing VM operation: G1CollectForAllocation
Event: 13.963 Executing VM operation: G1CollectForAllocation done
Event: 14.449 Executing VM operation: HandshakeAllThreads
Event: 14.449 Executing VM operation: HandshakeAllThreads done
Event: 15.451 Executing VM operation: Cleanup
Event: 15.561 Executing VM operation: Cleanup done
Event: 16.499 Executing VM operation: G1CollectForAllocation
Event: 16.507 Executing VM operation: G1CollectForAllocation done
Event: 17.180 Executing VM operation: HandshakeAllThreads
Event: 17.180 Executing VM operation: HandshakeAllThreads done
Event: 17.180 Executing VM operation: HandshakeAllThreads
Event: 17.180 Executing VM operation: HandshakeAllThreads done
Event: 18.186 Executing VM operation: Cleanup
Event: 18.186 Executing VM operation: Cleanup done

Memory protections (0 events):
No events

Nmethod flushes (0 events):
No events

Events (14 events):
Event: 0.150 Thread 0x0000014b8313b410 Thread added: 0x0000014b8313b410
Event: 0.156 Thread 0x0000014b8313b410 Thread added: 0x0000014ba0537030
Event: 0.157 Thread 0x0000014b8313b410 Thread added: 0x0000014ba0538760
Event: 0.264 Thread 0x0000014b8313b410 Thread added: 0x0000014ba0552ee0
Event: 0.264 Thread 0x0000014b8313b410 Thread added: 0x0000014ba05538a0
Event: 0.264 Thread 0x0000014b8313b410 Thread added: 0x0000014ba0554260
Event: 0.264 Thread 0x0000014b8313b410 Thread added: 0x0000014ba0554c20
Event: 0.264 Thread 0x0000014b8313b410 Thread added: 0x0000014ba0556480
Event: 0.267 Thread 0x0000014b8313b410 Thread added: 0x0000014ba0581d40
Event: 0.267 Thread 0x0000014b8313b410 Thread added: 0x0000014ba05832b0
Event: 0.353 Thread 0x0000014b8313b410 Thread added: 0x0000014ba07c8dd0
Event: 0.358 Thread 0x0000014b8313b410 Thread added: 0x0000014ba07d5740
Event: 9.067 Thread 0x0000014ba0556480 Thread added: 0x0000014ba09aaf60
Event: 9.410 Thread 0x0000014ba09aaf60 Thread exited: 0x0000014ba09aaf60


Dynamic libraries:
0x00007ff692aa0000 - 0x00007ff692aae000 	C:\Program Files\Eclipse Adoptium\jdk-17.0.20.8-hotspot\bin\java.exe
0x00007ff9d98e0000 - 0x00007ff9d9b46000 	C:\WINDOWS\SYSTEM32\ntdll.dll
0x00007ff9d80e0000 - 0x00007ff9d81a9000 	C:\WINDOWS\System32\KERNEL32.DLL
0x00007ff9d7070000 - 0x00007ff9d746f000 	C:\WINDOWS\System32\KERNELBASE.dll
0x00007ff9d6e50000 - 0x00007ff9d6f9c000 	C:\WINDOWS\System32\ucrtbase.dll
0x00007ff9ab840000 - 0x00007ff9ab85e000 	C:\Program Files\Eclipse Adoptium\jdk-17.0.20.8-hotspot\bin\VCRUNTIME140.dll
0x00007ff9ab820000 - 0x00007ff9ab838000 	C:\Program Files\Eclipse Adoptium\jdk-17.0.20.8-hotspot\bin\jli.dll
0x00007ff9d9510000 - 0x00007ff9d96d6000 	C:\WINDOWS\System32\USER32.dll
0x00007ff9d6af0000 - 0x00007ff9d6b17000 	C:\WINDOWS\System32\win32u.dll
0x00007ff9d88f0000 - 0x00007ff9d891b000 	C:\WINDOWS\System32\GDI32.dll
0x00007ff9d6b20000 - 0x00007ff9d6c49000 	C:\WINDOWS\System32\gdi32full.dll
0x00007ff9d6c50000 - 0x00007ff9d6cf3000 	C:\WINDOWS\System32\msvcp_win.dll
0x00007ff9c6f10000 - 0x00007ff9c71a1000 	C:\WINDOWS\WinSxS\amd64_microsoft.windows.common-controls_6595b64144ccf1df_6.0.26100.8972_none_3e0da176e32f9d4b\COMCTL32.dll
0x00007ff9d97f0000 - 0x00007ff9d9899000 	C:\WINDOWS\System32\msvcrt.dll
0x00007ff9d7ff0000 - 0x00007ff9d8022000 	C:\WINDOWS\System32\IMM32.DLL
0x00007ff9d2ec0000 - 0x00007ff9d2ecc000 	C:\Program Files\Eclipse Adoptium\jdk-17.0.20.8-hotspot\bin\vcruntime140_1.dll
0x00007ff98b3d0000 - 0x00007ff98b45d000 	C:\Program Files\Eclipse Adoptium\jdk-17.0.20.8-hotspot\bin\msvcp140.dll
0x00007ff9310c0000 - 0x00007ff931d2c000 	C:\Program Files\Eclipse Adoptium\jdk-17.0.20.8-hotspot\bin\server\jvm.dll
0x00007ff9d8ae0000 - 0x00007ff9d8b9c000 	C:\WINDOWS\System32\ADVAPI32.dll
0x00007ff9d8450000 - 0x00007ff9d84fa000 	C:\WINDOWS\System32\sechost.dll
0x00007ff9d8c60000 - 0x00007ff9d8d78000 	C:\WINDOWS\System32\RPCRT4.dll
0x00007ff9d9480000 - 0x00007ff9d9502000 	C:\WINDOWS\System32\WS2_32.dll
0x00007ff9ce850000 - 0x00007ff9ce85b000 	C:\WINDOWS\SYSTEM32\VERSION.dll
0x00007ff9d3750000 - 0x00007ff9d3786000 	C:\WINDOWS\SYSTEM32\WINMM.dll
0x00007ff9d6950000 - 0x00007ff9d69ae000 	C:\WINDOWS\SYSTEM32\POWRPROF.dll
0x00007ff9d6930000 - 0x00007ff9d6945000 	C:\WINDOWS\SYSTEM32\UMPDC.dll
0x00007ff9d57e0000 - 0x00007ff9d57fb000 	C:\WINDOWS\SYSTEM32\kernel.appcore.dll
0x00007ff9c6430000 - 0x00007ff9c643a000 	C:\Program Files\Eclipse Adoptium\jdk-17.0.20.8-hotspot\bin\jimage.dll
0x00007ff9d4180000 - 0x00007ff9d43c2000 	C:\WINDOWS\SYSTEM32\DBGHELP.DLL
0x00007ff9d8500000 - 0x00007ff9d8885000 	C:\WINDOWS\System32\combase.dll
0x00007ff9d8920000 - 0x00007ff9d89f9000 	C:\WINDOWS\System32\OLEAUT32.dll
0x00007ff9d3710000 - 0x00007ff9d374b000 	C:\WINDOWS\SYSTEM32\dbgcore.DLL
0x00007ff9d6d00000 - 0x00007ff9d6dac000 	C:\WINDOWS\System32\bcryptPrimitives.dll
0x00007ff99ae00000 - 0x00007ff99ae25000 	C:\Program Files\Eclipse Adoptium\jdk-17.0.20.8-hotspot\bin\java.dll
0x00007ff9554b0000 - 0x00007ff955587000 	C:\Program Files\Eclipse Adoptium\jdk-17.0.20.8-hotspot\bin\jsvml.dll
0x00007ff9d7860000 - 0x00007ff9d7fe8000 	C:\WINDOWS\System32\SHELL32.dll
0x00007ff9d4410000 - 0x00007ff9d4cab000 	C:\WINDOWS\SYSTEM32\windows.storage.dll
0x00007ff9d96e0000 - 0x00007ff9d97d9000 	C:\WINDOWS\System32\SHCORE.dll
0x00007ff9d8bb0000 - 0x00007ff9d8c16000 	C:\WINDOWS\System32\shlwapi.dll
0x00007ff9d6a10000 - 0x00007ff9d6a39000 	C:\WINDOWS\SYSTEM32\profapi.dll
0x00007ff9ab500000 - 0x00007ff9ab51a000 	C:\Program Files\Eclipse Adoptium\jdk-17.0.20.8-hotspot\bin\net.dll
0x00007ff9cf600000 - 0x00007ff9cf728000 	C:\WINDOWS\SYSTEM32\WINHTTP.dll
0x00007ff9d5d90000 - 0x00007ff9d5dfc000 	C:\WINDOWS\system32\mswsock.dll
0x00007ff995f90000 - 0x00007ff995fa6000 	C:\Program Files\Eclipse Adoptium\jdk-17.0.20.8-hotspot\bin\nio.dll
0x00007ff98b340000 - 0x00007ff98b358000 	C:\Program Files\Eclipse Adoptium\jdk-17.0.20.8-hotspot\bin\zip.dll
0x00007ff9bae50000 - 0x00007ff9bae5a000 	C:\Program Files\Eclipse Adoptium\jdk-17.0.20.8-hotspot\bin\management.dll
0x00007ff9b9e70000 - 0x00007ff9b9e7c000 	C:\Program Files\Eclipse Adoptium\jdk-17.0.20.8-hotspot\bin\management_ext.dll
0x00007ff9d8c50000 - 0x00007ff9d8c58000 	C:\WINDOWS\System32\PSAPI.DLL
0x00007ff9b3f60000 - 0x00007ff9b3f70000 	C:\Program Files\Eclipse Adoptium\jdk-17.0.20.8-hotspot\bin\verify.dll

dbghelp: loaded successfully - version: 4.0.5 - missing functions: none
symbol engine: initialized successfully - sym options: 0x614 - pdb path: .;C:\Program Files\Eclipse Adoptium\jdk-17.0.20.8-hotspot\bin;C:\WINDOWS\SYSTEM32;C:\WINDOWS\WinSxS\amd64_microsoft.windows.common-controls_6595b64144ccf1df_6.0.26100.8972_none_3e0da176e32f9d4b;C:\Program Files\Eclipse Adoptium\jdk-17.0.20.8-hotspot\bin\server

VM Arguments:
java_command: org.jetbrains.kotlin.cli.jvm.K2JVMCompiler @C:\CampusMart_23702281\node_modules\react-native-safe-area-context\android\build\20260827_977048510340952148.compiler.options
java_class_path (initial): C:\Users\hient\.gradle\caches\modules-2\files-2.1\org.jetbrains.kotlin\kotlin-compiler-embeddable\2.2.10\6882d39ef03b18879c1a5d2a83c2212361bed5fe\kotlin-compiler-embeddable-2.2.10.jar;C:\Users\hient\.gradle\caches\modules-2\files-2.1\org.jetbrains.kotlin\kotlin-stdlib\2.2.10\30de6faa127a4a012db8e71bf1b9c0a99b1402b2\kotlin-stdlib-2.2.10.jar;C:\Users\hient\.gradle\caches\modules-2\files-2.1\org.jetbrains.kotlin\kotlin-script-runtime\2.2.10\712f9bc08f378c13a4a00f0bbb28c76e59183e83\kotlin-script-runtime-2.2.10.jar;C:\Users\hient\.gradle\caches\modules-2\files-2.1\org.jetbrains.kotlin\kotlin-reflect\1.6.10\1cbe9c92c12a94eea200d23c2bbaedaf3daf5132\kotlin-reflect-1.6.10.jar;C:\Users\hient\.gradle\caches\modules-2\files-2.1\org.jetbrains.kotlin\kotlin-daemon-embeddable\2.2.10\212fd3c2c6e4e5d0f4db3c4191233e2b622380cc\kotlin-daemon-embeddable-2.2.10.jar;C:\Users\hient\.gradle\caches\modules-2\files-2.1\org.jetbrains.kotlinx\kotlinx-coroutines-core-jvm\1.8.0\ac1dc37a30a93150b704022f8d895ee1bd3a36b3\kotlinx-coroutines-core-jvm-1.8.0.jar;C:\Users\hient\.gradle\caches\modules-2\files-2.1\org.jetbrains\annotations\13.0\919f0dfe192fb4e063e7dacadee7f8bb9a2672a9\annotations-13.0.jar
Launcher Type: SUN_STANDARD

[Global flags]
     intx CICompilerCount                          = 4                                         {product} {ergonomic}
     uint ConcGCThreads                            = 3                                         {product} {ergonomic}
     uint G1ConcRefinementThreads                  = 10                                        {product} {ergonomic}
   size_t G1HeapRegionSize                         = 1048576                                   {product} {ergonomic}
    uintx GCDrainStackTargetSize                   = 64                                        {product} {ergonomic}
   size_t InitialHeapSize                          = 98566144                                  {product} {ergonomic}
   size_t MarkStackSize                            = 4194304                                   {product} {ergonomic}
   size_t MaxHeapSize                              = 1547698176                                {product} {ergonomic}
   size_t MaxNewSize                               = 927989760                                 {product} {ergonomic}
   size_t MinHeapDeltaBytes                        = 1048576                                   {product} {ergonomic}
   size_t MinHeapSize                              = 8388608                                   {product} {ergonomic}
    uintx NonNMethodCodeHeapSize                   = 5839372                                {pd product} {ergonomic}
    uintx NonProfiledCodeHeapSize                  = 122909434                              {pd product} {ergonomic}
    uintx ProfiledCodeHeapSize                     = 122909434                              {pd product} {ergonomic}
    uintx ReservedCodeCacheSize                    = 251658240                              {pd product} {ergonomic}
     bool SegmentedCodeCache                       = true                                      {product} {ergonomic}
   size_t SoftMaxHeapSize                          = 1547698176                             {manageable} {ergonomic}
     bool UseCompressedClassPointers               = true                           {product lp64_product} {ergonomic}
     bool UseCompressedOops                        = true                           {product lp64_product} {ergonomic}
     bool UseG1GC                                  = true                                      {product} {ergonomic}
     bool UseLargePagesIndividualAllocation        = false                                  {pd product} {ergonomic}

Logging:
Log output configuration:
 #0: stdout all=warning uptime,level,tags
 #1: stderr all=off uptime,level,tags

Environment Variables:
JAVA_HOME=C:\Program Files\Eclipse Adoptium\jdk-17.0.20.8-hotspot
PATH=C:\CampusMart_23702281\node_modules\.bin;C:\node_modules\.bin;C:\Program Files\nodejs\node_modules\npm\node_modules\@npmcli\run-script\lib\node-gyp-bin;C:\Program Files\Common Files\Oracle\Java\javapath;C:\Users\hient\AppData\Local\Programs\Python\Python314\Scripts\;C:\Users\hient\AppData\Local\Programs\Python\Python314\;C:\Program Files (x86)\VMware\VMware Workstation\bin\;C:\WINDOWS\system32;C:\WINDOWS;C:\WINDOWS\System32\Wbem;C:\WINDOWS\System32\WindowsPowerShell\v1.0\;C:\WINDOWS\System32\OpenSSH\;C:\Program Files\nodejs\;C:\ProgramData\chocolatey\bin;C:\Program Files\Git\cmd;C:\Users\hient\AppData\Local\Programs\Python\Python314\Scripts;C:\Program Files\MATLAB\R2025b\bin;C:\Program Files\Eclipse Adoptium\jdk-17.0.20.8-hotspot\bin;C:\Users\hient\AppData\Local\Android\Sdk\platform-tools;C:\Users\hient\AppData\Local\Android\Sdk\tools;C:\Program Files\Eclipse Adoptium\jdk-11.0.28.6-hotspot\bin;C:\Program Files\Common Files\Oracle\Java\javapath;C:\Users\hient\AppData\Local\Programs\Python\Python314\Scripts\;C:\Users\hient\AppData\Local\Programs\Python\Python314\;C:\Program Files (x86)\VMware\VMware Workstation\bin\;C:\WINDOWS\system32;C:\WINDOWS;C:\WINDOWS\System32\Wbem;C:\WINDOWS\System32\WindowsPowerShell\v1.0\;C:\WINDOWS\System32\OpenSSH\;C:\Program Files\nodejs\;C:\ProgramData\chocolatey\bin;C:\Program Files\Git\cmd;C:\Users\hient\AppData\Local\Programs\Python\Python314\Scripts;C:\Program Files\MATLAB\R2025b\bin;C:\Program Files\Java\jdk-17\bin;C:\Users\hient\AppData\Local\Programs\Python\Launcher\;C:\Users\hient\AppData\Local\Microsoft\WindowsApps;C:\Users\hient\AppData\Local\Programs\Microsoft VS Code\bin;C:\Users\hient\AppData\Roaming\npm;C:\Users\hient\AppData\Local\Programs\cursor\resources\app\bin;C:\Users\hient\AppData\Local\Mic
USERNAME=hient
OS=Windows_NT
PROCESSOR_IDENTIFIER=AMD64 Family 25 Model 117 Stepping 2, AuthenticAMD
TMP=C:\Users\hient\AppData\Local\Temp
TEMP=C:\Users\hient\AppData\Local\Temp



Periodic native trim disabled


---------------  S Y S T E M  ---------------

OS:
 Windows 11 , 64 bit Build 26100 (10.0.26100.9168)
OS uptime: 4 days 4:03 hours
Hyper-V role detected

CPU: total 12 (initial active 12) (12 cores per cpu, 2 threads per core) family 25 model 117 stepping 2 microcode 0xa70520a, cx8, cmov, fxsr, ht, mmx, 3dnowpref, sse, sse2, sse3, ssse3, sse4a, sse4.1, sse4.2, popcnt, lzcnt, tsc, tscinvbit, avx, avx2, aes, erms, clmul, bmi1, bmi2, adx, avx512f, avx512dq, avx512cd, avx512bw, avx512vl, sha, fma, vzeroupper, avx512_vpopcntdq, avx512_vpclmulqdq, avx512_vaes, avx512_vnni, clflush, clflushopt, avx512_vbmi2, avx512_vbmi, hv
Processor Information for processor 0
  Max Mhz: 3501, Current Mhz: 2790, Mhz Limit: 3501
Processor Information for processor 1
  Max Mhz: 3501, Current Mhz: 2790, Mhz Limit: 3501
Processor Information for processor 2
  Max Mhz: 3501, Current Mhz: 2790, Mhz Limit: 3501
Processor Information for processor 3
  Max Mhz: 3501, Current Mhz: 2790, Mhz Limit: 3501
Processor Information for processor 4
  Max Mhz: 3501, Current Mhz: 2790, Mhz Limit: 3501
Processor Information for processor 5
  Max Mhz: 3501, Current Mhz: 3501, Mhz Limit: 3501
Processor Information for processor 6
  Max Mhz: 3501, Current Mhz: 3501, Mhz Limit: 3501
Processor Information for processor 7
  Max Mhz: 3501, Current Mhz: 3501, Mhz Limit: 3501
Processor Information for processor 8
  Max Mhz: 3501, Current Mhz: 2790, Mhz Limit: 3501
Processor Information for processor 9
  Max Mhz: 3501, Current Mhz: 2790, Mhz Limit: 3501
Processor Information for processor 10
  Max Mhz: 3501, Current Mhz: 2790, Mhz Limit: 3501
Processor Information for processor 11
  Max Mhz: 3501, Current Mhz: 3501, Mhz Limit: 3501

Memory: 4k page, system-wide physical 5896M (271M free)
TotalPageFile size 24328M (AvailPageFile size 74M)
current process WorkingSet (physical memory assigned to process): 106M, peak: 106M
current process commit charge ("private bytes"): 215M, peak: 215M

vm_info: OpenJDK 64-Bit Server VM (17.0.20+8) for windows-amd64 JRE (17.0.20+8), built on Jul 22 2026 00:41:45 by "admin" with MS VC++ 17.12 (VS2022)

END.
